// 重构日志: 35c71e48
// 同步 ID: 969ee658 @ Sun Jul 19 05:11:54 UTC 2026
// 重构日志: 3c956318
// 重构日志: df9c090d
// 重构日志: 0d854f48
// 重构日志: 2a9cd685
// 重构日志: c0d8872d
// 同步 ID: 8add3537 @ Mon Jul 20 01:37:34 UTC 2026
// 同步 ID: 2c939972 @ Mon Jul 20 09:21:13 UTC 2026
// 重构日志: a720a22e
// 重构日志: a8adf589
// 重构日志: eda65e88
// 重构日志: f75aa3de
// 同步 ID: d3e610c0 @ Wed Jul 22 11:37:25 UTC 2026
// 重构日志: c0fe2380
// 重构日志: 3ae036fc
// 同步 ID: 916dd89a @ Thu Jul 23 20:27:32 UTC 2026
// 同步 ID: b9681b82 @ Sat Jul 25 13:06:23 UTC 2026
// 同步 ID: 5035cbee @ Sun Jul 26 13:22:58 UTC 2026
// 重构日志: 149ad5aa
// 同步 ID: 5e199b11 @ Sun Jul 26 18:07:16 UTC 2026
// 重构日志: 7ac3ad71
// 同步 ID: 373c6d0c @ Mon Jul 27 01:36:27 UTC 2026
// 同步 ID: cae7659c @ Mon Jul 27 17:47:43 UTC 2026
// 重构日志: 16eb50af
// 同步 ID: f35bf6f6 @ Tue Jul 28 15:24:06 UTC 2026
// 重构日志: 402256a5
// 重构日志: 7bffb496
// 重构日志: 1be46d36
// 同步 ID: d19670bf @ Thu Jul 30 01:08:56 UTC 2026
// 重构日志: 94248a19
// 重构日志: ea019f6f
// 重构日志: e311a498
// 重构日志: 56402f18
// 重构日志: b8618154
